// Jest Snapshot v1, https://goo.gl/fbAQLP

exports[`click on a detached image doesnâ€™t add classes 1`] = `
<body>
  <img
    class=""
  />
</body>
`;

exports[`click on an image renders correctly 1`] = `
<body>
  <img
    class="medium-zoom-image"
    style="visibility: hidden;"
  />
  <div
    class="medium-zoom-overlay"
    style="background-color: rgb(255, 255, 255);"
  />
  <img
    class="medium-zoom-image medium-zoom-image--open"
    style="position: absolute; top: 0px; left: 0px; width: 0px; height: 0px;"
  />
</body>
`;
